// Jest Snapshot v1, https://goo.gl/fbAQLP

exports[`Nav Component Snapshot test Renders the UI as expected 1`] = `
<div
  className="Nav"
>
  <a
    href="/Home"
    onClick={[Function]}
  >
    Home
  </a>
  <a
    href="/Election"
    onClick={[Function]}
  >
    Elections
  </a>
  <a
    href="/RegistrationForm"
    onClick={[Function]}
  >
     
    Register
     
  </a>
  <a
    href="/Login"
    onClick={[Function]}
  >
    Login
  </a>
</div>
`;
