// Jest Snapshot v1, https://goo.gl/fbAQLP

exports[`NotFoundPage Component Snapshot test Renders the UI as expected 1`] = `
<div>
  <div
    className="Nav"
  >
    <a
      href="/Home"
      onClick={[Function]}
    >
      Home
    </a>
    <a
      href="/Election"
      onClick={[Function]}
    >
      Elections
    </a>
    <a
      href="/RegistrationForm"
      onClick={[Function]}
    >
       
      Register
       
    </a>
    <a
      href="/Login"
      onClick={[Function]}
    >
      Login
    </a>
  </div>
  <h3>
    We don't know what you're looking for. 
    <a
      href="/Home"
      onClick={[Function]}
    >
      Go Back
    </a>
     
  </h3>
</div>
`;
